python : ERROR: file or directory not found: partition_spec_positional_test.py
At line:1 char:34
+ ... GSOC\jax" ; python -m pytest tests/ partition_spec_positional_test.py ...
+                 ~~~~~~~~~~~~~~~~~~~~~~~~~~~~~~~~~~~~~~~~~~~~~~~~~~~~~~~~~
    + CategoryInfo          : NotSpecified: (ERROR: file or ...itional_test.py 
   :String) [], RemoteException
    + FullyQualifiedErrorId : NativeCommandError
 

============================= test session starts =============================
platform win32 -- Python 3.12.7, pytest-7.4.4, pluggy-1.0.0
rootdir: D:\Industrial ml\GSOC\jax
configfile: pyproject.toml
plugins: anyio-4.2.0
collected 0 items

============================ no tests ran in 0.02s ============================
